// Jest Snapshot v1, https://goo.gl/fbAQLP

exports[`coco:commit should setup commitizen environment 1`] = `
"{
  \\"name\\": \\"generator-coco\\",
  \\"version\\": \\"0.2.0\\",
  \\"description\\": \\"NPM browser compatible package.\\",
  \\"keywords\\": [
    \\"typescript\\",
    \\"package\\"
  ],
  \\"author\\": \\"huang.jian <hjj491229492@hotmail.com>\\",
  \\"contributors\\": [
    {
      \\"name\\": \\"huang.jian\\",
      \\"email\\": \\"hjj491229492@hotmail.com\\"
    },
    {
      \\"name\\": \\"yang.yuncai\\",
      \\"email\\": \\"383235388@qq.com\\"
    }
  ],
  \\"license\\": \\"MIT\\",
  \\"dependencies\\": {},
  \\"devDependencies\\": {},
  \\"config\\": {
    \\"commitizen\\": {
      \\"path\\": \\"cz-conventional-changelog\\"
    }
  },
  \\"husky\\": {
    \\"hooks\\": {
      \\"prepare-commit-msg\\": \\"exec < /dev/tty && git cz --hook\\",
      \\"commit-msg\\": \\"commit -E HUSKY_GIT_PARAMS\\"
    }
  }
}
"
`;
